-----------------------------------
PIC DISASSEMBLER LISTING
Address Opcode  Instruction
-----------------------------------
0000    282A    	GOTO 0x02A
0001    3FFF    	ADDLW 0xFF
0002    3FFF    	ADDLW 0xFF
0003    3FFF    	ADDLW 0xFF
0004    00FF    	MOVWF 0x7F
0005    0E03    	SWAPF STATUS,W
0006    0183    	CLRF STATUS
0007    00A0    	MOVWF 0x20
0008    080A    	MOVF PCLATH,W
0009    00A1    	MOVWF 0x21
000A    018A    	CLRF PCLATH
000B    0804    	MOVF FSR,W
000C    00A2    	MOVWF 0x22
000D    280E    	GOTO 0x00E
000E    08AA    	MOVF 0x2A,F
000F    1903    	BTFSC STATUS,Z
0010    03A9    	DECF 0x29,F
0011    0BAA    	DECFSZ 0x2A,F
0012    2820    	GOTO 0x020
0013    08A9    	MOVF 0x29,F
0014    1D03    	BTFSS STATUS,Z
0015    2820    	GOTO 0x020
0016    3013    	MOVLW 0x13
0017    00A9    	MOVWF 0x29
0018    3012    	MOVLW 0x12
0019    00AA    	MOVWF 0x2A
001A    30D0    	MOVLW 0xD0
001B    07AB    	ADDWF 0x2B,F
001C    1803    	BTFSC STATUS,C
001D    0AAA    	INCF 0x2A,F
001E    3001    	MOVLW 0x01
001F    00AC    	MOVWF 0x2C
0020    110B    	BCF INTCON,T0IF
0021    0822    	MOVF 0x22,W
0022    0084    	MOVWF FSR
0023    0821    	MOVF 0x21,W
0024    008A    	MOVWF PCLATH
0025    0E20    	SWAPF 0x20,W
0026    0083    	MOVWF STATUS
0027    0EFF    	SWAPF 0x7F,F
0028    0E7F    	SWAPF 0x7F,W
0029    0009    	RETFIE
002A    30FF    	MOVLW 0xFF
002B    00A4    	MOVWF 0x24
002C    30FF    	MOVLW 0xFF
002D    00A5    	MOVWF 0x25
002E    3001    	MOVLW 0x01
002F    21E2    	CALL 0x1E2
0030    2213    	CALL 0x213
0031    3000    	MOVLW 0x00
0032    2224    	CALL 0x224
0033    3000    	MOVLW 0x00
0034    2226    	CALL 0x226
0035    1624    	BSF 0x24,4
0036    2223    	CALL 0x223
0037    16A4    	BSF 0x24,5
0038    2222    	CALL 0x222
0039    1E05    	BTFSS 0x05,4
003A    2852    	GOTO 0x052
003B    30FF    	MOVLW 0xFF
003C    00A8    	MOVWF 0x28
003D    30C0    	MOVLW 0xC0
003E    00C6    	MOVWF 0x46
003F    30F9    	MOVLW 0xF9
0040    00C7    	MOVWF 0x47
0041    30A4    	MOVLW 0xA4
0042    00C8    	MOVWF 0x48
0043    30B0    	MOVLW 0xB0
0044    00C9    	MOVWF 0x49
0045    3099    	MOVLW 0x99
0046    00CA    	MOVWF 0x4A
0047    3092    	MOVLW 0x92
0048    00CB    	MOVWF 0x4B
0049    3082    	MOVLW 0x82
004A    00CC    	MOVWF 0x4C
004B    30D8    	MOVLW 0xD8
004C    00CD    	MOVWF 0x4D
004D    3080    	MOVLW 0x80
004E    00CE    	MOVWF 0x4E
004F    3090    	MOVLW 0x90
0050    00CF    	MOVWF 0x4F
0051    2867    	GOTO 0x067
0052    01A8    	CLRF 0x28
0053    303F    	MOVLW 0x3F
0054    00C6    	MOVWF 0x46
0055    3006    	MOVLW 0x06
0056    00C7    	MOVWF 0x47
0057    305B    	MOVLW 0x5B
0058    00C8    	MOVWF 0x48
0059    304F    	MOVLW 0x4F
005A    00C9    	MOVWF 0x49
005B    3066    	MOVLW 0x66
005C    00CA    	MOVWF 0x4A
005D    306D    	MOVLW 0x6D
005E    00CB    	MOVWF 0x4B
005F    307D    	MOVLW 0x7D
0060    00CC    	MOVWF 0x4C
0061    3027    	MOVLW 0x27
0062    00CD    	MOVWF 0x4D
0063    307F    	MOVLW 0x7F
0064    00CE    	MOVWF 0x4E
0065    306F    	MOVLW 0x6F
0066    00CF    	MOVWF 0x4F
0067    1E05    	BTFSS 0x05,4
0068    28AA    	GOTO 0x0AA
0069    3001    	MOVLW 0x01
006A    221A    	CALL 0x21A
006B    3000    	MOVLW 0x00
006C    2218    	CALL 0x218
006D    3002    	MOVLW 0x02
006E    21DB    	CALL 0x1DB
006F    3002    	MOVLW 0x02
0070    221A    	CALL 0x21A
0071    3000    	MOVLW 0x00
0072    2218    	CALL 0x218
0073    3002    	MOVLW 0x02
0074    21DB    	CALL 0x1DB
0075    3004    	MOVLW 0x04
0076    221A    	CALL 0x21A
0077    3000    	MOVLW 0x00
0078    2218    	CALL 0x218
0079    3002    	MOVLW 0x02
007A    21DB    	CALL 0x1DB
007B    3008    	MOVLW 0x08
007C    221A    	CALL 0x21A
007D    3000    	MOVLW 0x00
007E    2218    	CALL 0x218
007F    3002    	MOVLW 0x02
0080    21DB    	CALL 0x1DB
0081    084F    	MOVF 0x4F,W
0082    2218    	CALL 0x218
0083    3002    	MOVLW 0x02
0084    21DB    	CALL 0x1DB
0085    084E    	MOVF 0x4E,W
0086    2218    	CALL 0x218
0087    3002    	MOVLW 0x02
0088    21DB    	CALL 0x1DB
0089    084D    	MOVF 0x4D,W
008A    2218    	CALL 0x218
008B    3002    	MOVLW 0x02
008C    21DB    	CALL 0x1DB
008D    084C    	MOVF 0x4C,W
008E    2218    	CALL 0x218
008F    3002    	MOVLW 0x02
0090    21DB    	CALL 0x1DB
0091    084B    	MOVF 0x4B,W
0092    2218    	CALL 0x218
0093    3002    	MOVLW 0x02
0094    21DB    	CALL 0x1DB
0095    084A    	MOVF 0x4A,W
0096    2218    	CALL 0x218
0097    3002    	MOVLW 0x02
0098    21DB    	CALL 0x1DB
0099    0849    	MOVF 0x49,W
009A    2218    	CALL 0x218
009B    3002    	MOVLW 0x02
009C    21DB    	CALL 0x1DB
009D    0848    	MOVF 0x48,W
009E    2218    	CALL 0x218
009F    3002    	MOVLW 0x02
00A0    21DB    	CALL 0x1DB
00A1    0847    	MOVF 0x47,W
00A2    2218    	CALL 0x218
00A3    3002    	MOVLW 0x02
00A4    21DB    	CALL 0x1DB
00A5    0846    	MOVF 0x46,W
00A6    2218    	CALL 0x218
00A7    3002    	MOVLW 0x02
00A8    21DB    	CALL 0x1DB
00A9    28EA    	GOTO 0x0EA
00AA    30FE    	MOVLW 0xFE
00AB    221A    	CALL 0x21A
00AC    30FF    	MOVLW 0xFF
00AD    2218    	CALL 0x218
00AE    3002    	MOVLW 0x02
00AF    21DB    	CALL 0x1DB
00B0    30FD    	MOVLW 0xFD
00B1    221A    	CALL 0x21A
00B2    30FF    	MOVLW 0xFF
00B3    2218    	CALL 0x218
00B4    3002    	MOVLW 0x02
00B5    21DB    	CALL 0x1DB
00B6    30FB    	MOVLW 0xFB
00B7    221A    	CALL 0x21A
00B8    30FF    	MOVLW 0xFF
00B9    2218    	CALL 0x218
00BA    3002    	MOVLW 0x02
00BB    21DB    	CALL 0x1DB
00BC    30F7    	MOVLW 0xF7
00BD    221A    	CALL 0x21A
00BE    30FF    	MOVLW 0xFF
00BF    2218    	CALL 0x218
00C0    3002    	MOVLW 0x02
00C1    21DB    	CALL 0x1DB
00C2    084F    	MOVF 0x4F,W
00C3    2218    	CALL 0x218
00C4    3002    	MOVLW 0x02
00C5    21DB    	CALL 0x1DB
00C6    084E    	MOVF 0x4E,W
00C7    2218    	CALL 0x218
00C8    3002    	MOVLW 0x02
00C9    21DB    	CALL 0x1DB
00CA    084D    	MOVF 0x4D,W
00CB    2218    	CALL 0x218
00CC    3002    	MOVLW 0x02
00CD    21DB    	CALL 0x1DB
00CE    084C    	MOVF 0x4C,W
00CF    2218    	CALL 0x218
00D0    3002    	MOVLW 0x02
00D1    21DB    	CALL 0x1DB
00D2    084B    	MOVF 0x4B,W
00D3    2218    	CALL 0x218
00D4    3002    	MOVLW 0x02
00D5    21DB    	CALL 0x1DB
00D6    084A    	MOVF 0x4A,W
00D7    2218    	CALL 0x218
00D8    3002    	MOVLW 0x02
00D9    21DB    	CALL 0x1DB
00DA    0849    	MOVF 0x49,W
00DB    2218    	CALL 0x218
00DC    3002    	MOVLW 0x02
00DD    21DB    	CALL 0x1DB
00DE    0848    	MOVF 0x48,W
00DF    2218    	CALL 0x218
00E0    3002    	MOVLW 0x02
00E1    21DB    	CALL 0x1DB
00E2    0847    	MOVF 0x47,W
00E3    2218    	CALL 0x218
00E4    3002    	MOVLW 0x02
00E5    21DB    	CALL 0x1DB
00E6    0846    	MOVF 0x46,W
00E7    2218    	CALL 0x218
00E8    3002    	MOVLW 0x02
00E9    21DB    	CALL 0x1DB
00EA    3013    	MOVLW 0x13
00EB    00A9    	MOVWF 0x29
00EC    3012    	MOVLW 0x12
00ED    00AA    	MOVWF 0x2A
00EE    30D0    	MOVLW 0xD0
00EF    00AB    	MOVWF 0x2B
00F0    01AC    	CLRF 0x2C
00F1    01AD    	CLRF 0x2D
00F2    01AF    	CLRF 0x2F
00F3    01B0    	CLRF 0x30
00F4    01B1    	CLRF 0x31
00F5    01B2    	CLRF 0x32
00F6    01B3    	CLRF 0x33
00F7    2232    	CALL 0x232
00F8    3080    	MOVLW 0x80
00F9    222E    	CALL 0x22E
00FA    178B    	BSF INTCON,GIE
00FB    168B    	BSF INTCON,T0IE
00FC    2235    	CALL 0x235
00FD    1A85    	BTFSC 0x05,5
00FE    290F    	GOTO 0x10F
00FF    082D    	MOVF 0x2D,W
0100    3C01    	SUBLW 0x01
0101    1D03    	BTFSS STATUS,Z
0102    290E    	GOTO 0x10E
0103    01AD    	CLRF 0x2D
0104    3006    	MOVLW 0x06
0105    07B0    	ADDWF 0x30,F
0106    0830    	MOVF 0x30,W
0107    3C63    	SUBLW 0x63
0108    1803    	BTFSC STATUS,C
0109    290E    	GOTO 0x10E
010A    0AB1    	INCF 0x31,F
010B    3064    	MOVLW 0x64
010C    0230    	SUBWF 0x30,W
010D    00B0    	MOVWF 0x30
010E    2911    	GOTO 0x111
010F    3001    	MOVLW 0x01
0110    00AD    	MOVWF 0x2D
0111    082C    	MOVF 0x2C,W
0112    3C01    	SUBLW 0x01
0113    1D03    	BTFSS STATUS,Z
0114    291C    	GOTO 0x11C
0115    01AC    	CLRF 0x2C
0116    0830    	MOVF 0x30,W
0117    00B2    	MOVWF 0x32
0118    0831    	MOVF 0x31,W
0119    00B3    	MOVWF 0x33
011A    01B1    	CLRF 0x31
011B    01B0    	CLRF 0x30
011C    0833    	MOVF 0x33,W
011D    00B6    	MOVWF 0x36
011E    300A    	MOVLW 0x0A
011F    00B7    	MOVWF 0x37
0120    2247    	CALL 0x247
0121    0838    	MOVF 0x38,W
0122    00B4    	MOVWF 0x34
0123    0834    	MOVF 0x34,W
0124    00AE    	MOVWF 0x2E
0125    082E    	MOVF 0x2E,W
0126    3E46    	ADDLW 0x46
0127    0084    	MOVWF FSR
0128    0800    	MOVF INDF,W
0129    00AE    	MOVWF 0x2E
012A    082E    	MOVF 0x2E,W
012B    0246    	SUBWF 0x46,W
012C    1D03    	BTFSS STATUS,Z
012D    2930    	GOTO 0x130
012E    0828    	MOVF 0x28,W
012F    00AE    	MOVWF 0x2E
0130    1E05    	BTFSS 0x05,4
0131    2935    	GOTO 0x135
0132    3001    	MOVLW 0x01
0133    221A    	CALL 0x21A
0134    2937    	GOTO 0x137
0135    30FE    	MOVLW 0xFE
0136    221A    	CALL 0x21A
0137    082E    	MOVF 0x2E,W
0138    2218    	CALL 0x218
0139    3001    	MOVLW 0x01
013A    21FB    	CALL 0x1FB
013B    0828    	MOVF 0x28,W
013C    2218    	CALL 0x218
013D    1A85    	BTFSC 0x05,5
013E    294F    	GOTO 0x14F
013F    082D    	MOVF 0x2D,W
0140    3C01    	SUBLW 0x01
0141    1D03    	BTFSS STATUS,Z
0142    294E    	GOTO 0x14E
0143    01AD    	CLRF 0x2D
0144    3006    	MOVLW 0x06
0145    07B0    	ADDWF 0x30,F
0146    0830    	MOVF 0x30,W
0147    3C63    	SUBLW 0x63
0148    1803    	BTFSC STATUS,C
0149    294E    	GOTO 0x14E
014A    0AB1    	INCF 0x31,F
014B    3064    	MOVLW 0x64
014C    0230    	SUBWF 0x30,W
014D    00B0    	MOVWF 0x30
014E    2951    	GOTO 0x151
014F    3001    	MOVLW 0x01
0150    00AD    	MOVWF 0x2D
0151    08B3    	MOVF 0x33,F
0152    1D03    	BTFSS STATUS,Z
0153    2957    	GOTO 0x157
0154    0828    	MOVF 0x28,W
0155    00AE    	MOVWF 0x2E
0156    2965    	GOTO 0x165
0157    0833    	MOVF 0x33,W
0158    00B7    	MOVWF 0x37
0159    300A    	MOVLW 0x0A
015A    00B8    	MOVWF 0x38
015B    2238    	CALL 0x238
015C    0839    	MOVF 0x39,W
015D    00B5    	MOVWF 0x35
015E    0835    	MOVF 0x35,W
015F    00AE    	MOVWF 0x2E
0160    082E    	MOVF 0x2E,W
0161    3E46    	ADDLW 0x46
0162    0084    	MOVWF FSR
0163    0800    	MOVF INDF,W
0164    00AE    	MOVWF 0x2E
0165    1E05    	BTFSS 0x05,4
0166    296A    	GOTO 0x16A
0167    3002    	MOVLW 0x02
0168    221A    	CALL 0x21A
0169    296C    	GOTO 0x16C
016A    30FD    	MOVLW 0xFD
016B    221A    	CALL 0x21A
016C    082E    	MOVF 0x2E,W
016D    2218    	CALL 0x218
016E    3001    	MOVLW 0x01
016F    21FB    	CALL 0x1FB
0170    0828    	MOVF 0x28,W
0171    2218    	CALL 0x218
0172    1A85    	BTFSC 0x05,5
0173    2984    	GOTO 0x184
0174    082D    	MOVF 0x2D,W
0175    3C01    	SUBLW 0x01
0176    1D03    	BTFSS STATUS,Z
0177    2983    	GOTO 0x183
0178    01AD    	CLRF 0x2D
0179    3006    	MOVLW 0x06
017A    07B0    	ADDWF 0x30,F
017B    0830    	MOVF 0x30,W
017C    3C63    	SUBLW 0x63
017D    1803    	BTFSC STATUS,C
017E    2983    	GOTO 0x183
017F    0AB1    	INCF 0x31,F
0180    3064    	MOVLW 0x64
0181    0230    	SUBWF 0x30,W
0182    00B0    	MOVWF 0x30
0183    2986    	GOTO 0x186
0184    3001    	MOVLW 0x01
0185    00AD    	MOVWF 0x2D
0186    0832    	MOVF 0x32,W
0187    00B6    	MOVWF 0x36
0188    300A    	MOVLW 0x0A
0189    00B7    	MOVWF 0x37
018A    2247    	CALL 0x247
018B    0838    	MOVF 0x38,W
018C    00B5    	MOVWF 0x35
018D    0835    	MOVF 0x35,W
018E    00AE    	MOVWF 0x2E
018F    082E    	MOVF 0x2E,W
0190    3E46    	ADDLW 0x46
0191    0084    	MOVWF FSR
0192    0800    	MOVF INDF,W
0193    00AE    	MOVWF 0x2E
0194    08B3    	MOVF 0x33,F
0195    1D03    	BTFSS STATUS,Z
0196    299D    	GOTO 0x19D
0197    082E    	MOVF 0x2E,W
0198    0246    	SUBWF 0x46,W
0199    1D03    	BTFSS STATUS,Z
019A    299D    	GOTO 0x19D
019B    0828    	MOVF 0x28,W
019C    00AE    	MOVWF 0x2E
019D    1E05    	BTFSS 0x05,4
019E    29A2    	GOTO 0x1A2
019F    3004    	MOVLW 0x04
01A0    221A    	CALL 0x21A
01A1    29A4    	GOTO 0x1A4
01A2    30FB    	MOVLW 0xFB
01A3    221A    	CALL 0x21A
01A4    082E    	MOVF 0x2E,W
01A5    2218    	CALL 0x218
01A6    3001    	MOVLW 0x01
01A7    21FB    	CALL 0x1FB
01A8    0828    	MOVF 0x28,W
01A9    2218    	CALL 0x218
01AA    1A85    	BTFSC 0x05,5
01AB    29BC    	GOTO 0x1BC
01AC    082D    	MOVF 0x2D,W
01AD    3C01    	SUBLW 0x01
01AE    1D03    	BTFSS STATUS,Z
01AF    29BB    	GOTO 0x1BB
01B0    01AD    	CLRF 0x2D
01B1    3006    	MOVLW 0x06
01B2    07B0    	ADDWF 0x30,F
01B3    0830    	MOVF 0x30,W
01B4    3C63    	SUBLW 0x63
01B5    1803    	BTFSC STATUS,C
01B6    29BB    	GOTO 0x1BB
01B7    0AB1    	INCF 0x31,F
01B8    3064    	MOVLW 0x64
01B9    0230    	SUBWF 0x30,W
01BA    00B0    	MOVWF 0x30
01BB    29BE    	GOTO 0x1BE
01BC    3001    	MOVLW 0x01
01BD    00AD    	MOVWF 0x2D
01BE    0832    	MOVF 0x32,W
01BF    00B7    	MOVWF 0x37
01C0    300A    	MOVLW 0x0A
01C1    00B8    	MOVWF 0x38
01C2    2238    	CALL 0x238
01C3    0839    	MOVF 0x39,W
01C4    00B6    	MOVWF 0x36
01C5    0836    	MOVF 0x36,W
01C6    00AE    	MOVWF 0x2E
01C7    082E    	MOVF 0x2E,W
01C8    3E46    	ADDLW 0x46
01C9    0084    	MOVWF FSR
01CA    0800    	MOVF INDF,W
01CB    00AE    	MOVWF 0x2E
01CC    1E05    	BTFSS 0x05,4
01CD    29D1    	GOTO 0x1D1
01CE    3008    	MOVLW 0x08
01CF    221A    	CALL 0x21A
01D0    29D3    	GOTO 0x1D3
01D1    30F7    	MOVLW 0xF7
01D2    221A    	CALL 0x21A
01D3    082E    	MOVF 0x2E,W
01D4    2218    	CALL 0x218
01D5    3001    	MOVLW 0x01
01D6    21FB    	CALL 0x1FB
01D7    0828    	MOVF 0x28,W
01D8    2218    	CALL 0x218
01D9    28FD    	GOTO 0x0FD
01DA    29DA    	GOTO 0x1DA
01DB    00A9    	MOVWF 0x29
01DC    0829    	MOVF 0x29,W
01DD    00AA    	MOVWF 0x2A
01DE    3064    	MOVLW 0x64
01DF    00AB    	MOVWF 0x2B
01E0    3014    	MOVLW 0x14
01E1    29E9    	GOTO 0x1E9
01E2    00A9    	MOVWF 0x29
01E3    0829    	MOVF 0x29,W
01E4    00AA    	MOVWF 0x2A
01E5    3064    	MOVLW 0x64
01E6    00AB    	MOVWF 0x2B
01E7    300A    	MOVLW 0x0A
01E8    29E9    	GOTO 0x1E9
01E9    00AC    	MOVWF 0x2C
01EA    30FF    	MOVLW 0xFF
01EB    00AD    	MOVWF 0x2D
01EC    082B    	MOVF 0x2B,W
01ED    00AF    	MOVWF 0x2F
01EE    082A    	MOVF 0x2A,W
01EF    00AE    	MOVWF 0x2E
01F0    3017    	MOVLW 0x17
01F1    072D    	ADDWF 0x2D,W
01F2    1803    	BTFSC STATUS,C
01F3    29F1    	GOTO 0x1F1
01F4    0BAE    	DECFSZ 0x2E,F
01F5    29F0    	GOTO 0x1F0
01F6    0BAF    	DECFSZ 0x2F,F
01F7    29EE    	GOTO 0x1EE
01F8    0BAC    	DECFSZ 0x2C,F
01F9    29EC    	GOTO 0x1EC
01FA    0008    	RETURN
01FB    00B7    	MOVWF 0x37
01FC    0837    	MOVF 0x37,W
01FD    2206    	CALL 0x206
01FE    0837    	MOVF 0x37,W
01FF    2206    	CALL 0x206
0200    0837    	MOVF 0x37,W
0201    2206    	CALL 0x206
0202    0837    	MOVF 0x37,W
0203    2206    	CALL 0x206
0204    0837    	MOVF 0x37,W
0205    2A06    	GOTO 0x206
0206    00B8    	MOVWF 0x38
0207    30F4    	MOVLW 0xF4
0208    00B9    	MOVWF 0x39
0209    30FC    	MOVLW 0xFC
020A    00BA    	MOVWF 0x3A
020B    0838    	MOVF 0x38,W
020C    0739    	ADDWF 0x39,W
020D    1C03    	BTFSS STATUS,C
020E    3400    	RETLW 0x00
020F    073A    	ADDWF 0x3A,W
0210    1803    	BTFSC STATUS,C
0211    2A0F    	GOTO 0x20F
0212    0008    	RETURN
0213    3007    	MOVLW 0x07
0214    009F    	MOVWF 0x1F
0215    2232    	CALL 0x232
0216    131F    	BCF 0x1F,6
0217    2A35    	GOTO 0x235
0218    00A7    	MOVWF 0x27
0219    2A1C    	GOTO 0x21C
021A    00A6    	MOVWF 0x26
021B    2A1F    	GOTO 0x21F
021C    0827    	MOVF 0x27,W
021D    0086    	MOVWF 0x06
021E    0008    	RETURN
021F    0826    	MOVF 0x26,W
0220    0085    	MOVWF 0x05
0221    0008    	RETURN
0222    2A2B    	GOTO 0x22B
0223    2A2B    	GOTO 0x22B
0224    00A5    	MOVWF 0x25
0225    2A28    	GOTO 0x228
0226    00A4    	MOVWF 0x24
0227    2A2B    	GOTO 0x22B
0228    0825    	MOVF 0x25,W
0229    0066    	TRISB ;OBSOLETE
022A    0008    	RETURN
022B    0824    	MOVF 0x24,W
022C    0065    	TRISA ;OBSOLETE
022D    0008    	RETURN
022E    00B4    	MOVWF 0x34
022F    0834    	MOVF 0x34,W
0230    0062    	OPTION ;OBSOLETE
0231    0008    	RETURN
0232    1683    	BSF STATUS,RP0
0233    1303    	BCF STATUS,RP1
0234    0008    	RETURN
0235    1283    	BCF STATUS,RP0
0236    1303    	BCF STATUS,RP1
0237    0008    	RETURN
0238    08B8    	MOVF 0x38,F
0239    1903    	BTFSC STATUS,Z
023A    2A44    	GOTO 0x244
023B    0838    	MOVF 0x38,W
023C    0237    	SUBWF 0x37,W
023D    1803    	BTFSC STATUS,C
023E    2A40    	GOTO 0x240
023F    2A44    	GOTO 0x244
0240    0838    	MOVF 0x38,W
0241    0237    	SUBWF 0x37,W
0242    00B7    	MOVWF 0x37
0243    2A3B    	GOTO 0x23B
0244    0837    	MOVF 0x37,W
0245    00B9    	MOVWF 0x39
0246    0008    	RETURN
0247    01B9    	CLRF 0x39
0248    08B7    	MOVF 0x37,F
0249    1903    	BTFSC STATUS,Z
024A    2A55    	GOTO 0x255
024B    0837    	MOVF 0x37,W
024C    0236    	SUBWF 0x36,W
024D    1803    	BTFSC STATUS,C
024E    2A50    	GOTO 0x250
024F    2A55    	GOTO 0x255
0250    0837    	MOVF 0x37,W
0251    0236    	SUBWF 0x36,W
0252    00B6    	MOVWF 0x36
0253    0AB9    	INCF 0x39,F
0254    2A4B    	GOTO 0x24B
0255    0839    	MOVF 0x39,W
0256    00B8    	MOVWF 0x38
0257    0008    	RETURN
0258    3FFF    	ADDLW 0xFF
0259    3FFF    	ADDLW 0xFF
025A    3FFF    	ADDLW 0xFF
025B    3FFF    	ADDLW 0xFF
025C    3FFF    	ADDLW 0xFF
025D    3FFF    	ADDLW 0xFF
025E    3FFF    	ADDLW 0xFF
025F    3FFF    	ADDLW 0xFF
0260    3FFF    	ADDLW 0xFF
0261    3FFF    	ADDLW 0xFF
0262    3FFF    	ADDLW 0xFF
0263    3FFF    	ADDLW 0xFF
0264    3FFF    	ADDLW 0xFF
0265    3FFF    	ADDLW 0xFF
0266    3FFF    	ADDLW 0xFF
0267    3FFF    	ADDLW 0xFF
0268    3FFF    	ADDLW 0xFF
0269    3FFF    	ADDLW 0xFF
026A    3FFF    	ADDLW 0xFF
026B    3FFF    	ADDLW 0xFF
026C    3FFF    	ADDLW 0xFF
026D    3FFF    	ADDLW 0xFF
026E    3FFF    	ADDLW 0xFF
026F    3FFF    	ADDLW 0xFF
0270    3FFF    	ADDLW 0xFF
0271    3FFF    	ADDLW 0xFF
0272    3FFF    	ADDLW 0xFF
0273    3FFF    	ADDLW 0xFF
0274    3FFF    	ADDLW 0xFF
0275    3FFF    	ADDLW 0xFF
0276    3FFF    	ADDLW 0xFF
0277    3FFF    	ADDLW 0xFF
0278    3FFF    	ADDLW 0xFF
0279    3FFF    	ADDLW 0xFF
027A    3FFF    	ADDLW 0xFF
027B    3FFF    	ADDLW 0xFF
027C    3FFF    	ADDLW 0xFF
027D    3FFF    	ADDLW 0xFF
027E    3FFF    	ADDLW 0xFF
027F    3FFF    	ADDLW 0xFF
0280    3FFF    	ADDLW 0xFF
0281    3FFF    	ADDLW 0xFF
0282    3FFF    	ADDLW 0xFF
0283    3FFF    	ADDLW 0xFF
0284    3FFF    	ADDLW 0xFF
0285    3FFF    	ADDLW 0xFF
0286    3FFF    	ADDLW 0xFF
0287    3FFF    	ADDLW 0xFF
0288    3FFF    	ADDLW 0xFF
0289    3FFF    	ADDLW 0xFF
028A    3FFF    	ADDLW 0xFF
028B    3FFF    	ADDLW 0xFF
028C    3FFF    	ADDLW 0xFF
028D    3FFF    	ADDLW 0xFF
028E    3FFF    	ADDLW 0xFF
028F    3FFF    	ADDLW 0xFF
0290    3FFF    	ADDLW 0xFF
0291    3FFF    	ADDLW 0xFF
0292    3FFF    	ADDLW 0xFF
0293    3FFF    	ADDLW 0xFF
0294    3FFF    	ADDLW 0xFF
0295    3FFF    	ADDLW 0xFF
0296    3FFF    	ADDLW 0xFF
0297    3FFF    	ADDLW 0xFF
0298    3FFF    	ADDLW 0xFF
0299    3FFF    	ADDLW 0xFF
029A    3FFF    	ADDLW 0xFF
029B    3FFF    	ADDLW 0xFF
029C    3FFF    	ADDLW 0xFF
029D    3FFF    	ADDLW 0xFF
029E    3FFF    	ADDLW 0xFF
029F    3FFF    	ADDLW 0xFF
02A0    3FFF    	ADDLW 0xFF
02A1    3FFF    	ADDLW 0xFF
02A2    3FFF    	ADDLW 0xFF
02A3    3FFF    	ADDLW 0xFF
02A4    3FFF    	ADDLW 0xFF
02A5    3FFF    	ADDLW 0xFF
02A6    3FFF    	ADDLW 0xFF
02A7    3FFF    	ADDLW 0xFF
02A8    3FFF    	ADDLW 0xFF
02A9    3FFF    	ADDLW 0xFF
02AA    3FFF    	ADDLW 0xFF
02AB    3FFF    	ADDLW 0xFF
02AC    3FFF    	ADDLW 0xFF
02AD    3FFF    	ADDLW 0xFF
02AE    3FFF    	ADDLW 0xFF
02AF    3FFF    	ADDLW 0xFF
02B0    3FFF    	ADDLW 0xFF
02B1    3FFF    	ADDLW 0xFF
02B2    3FFF    	ADDLW 0xFF
02B3    3FFF    	ADDLW 0xFF
02B4    3FFF    	ADDLW 0xFF
02B5    3FFF    	ADDLW 0xFF
02B6    3FFF    	ADDLW 0xFF
02B7    3FFF    	ADDLW 0xFF
02B8    3FFF    	ADDLW 0xFF
02B9    3FFF    	ADDLW 0xFF
02BA    3FFF    	ADDLW 0xFF
02BB    3FFF    	ADDLW 0xFF
02BC    3FFF    	ADDLW 0xFF
02BD    3FFF    	ADDLW 0xFF
02BE    3FFF    	ADDLW 0xFF
02BF    3FFF    	ADDLW 0xFF
02C0    3FFF    	ADDLW 0xFF
02C1    3FFF    	ADDLW 0xFF
02C2    3FFF    	ADDLW 0xFF
02C3    3FFF    	ADDLW 0xFF
02C4    3FFF    	ADDLW 0xFF
02C5    3FFF    	ADDLW 0xFF
02C6    3FFF    	ADDLW 0xFF
02C7    3FFF    	ADDLW 0xFF
02C8    3FFF    	ADDLW 0xFF
02C9    3FFF    	ADDLW 0xFF
02CA    3FFF    	ADDLW 0xFF
02CB    3FFF    	ADDLW 0xFF
02CC    3FFF    	ADDLW 0xFF
02CD    3FFF    	ADDLW 0xFF
02CE    3FFF    	ADDLW 0xFF
02CF    3FFF    	ADDLW 0xFF
02D0    3FFF    	ADDLW 0xFF
02D1    3FFF    	ADDLW 0xFF
02D2    3FFF    	ADDLW 0xFF
02D3    3FFF    	ADDLW 0xFF
02D4    3FFF    	ADDLW 0xFF
02D5    3FFF    	ADDLW 0xFF
02D6    3FFF    	ADDLW 0xFF
02D7    3FFF    	ADDLW 0xFF
02D8    3FFF    	ADDLW 0xFF
02D9    3FFF    	ADDLW 0xFF
02DA    3FFF    	ADDLW 0xFF
02DB    3FFF    	ADDLW 0xFF
02DC    3FFF    	ADDLW 0xFF
02DD    3FFF    	ADDLW 0xFF
02DE    3FFF    	ADDLW 0xFF
02DF    3FFF    	ADDLW 0xFF
02E0    3FFF    	ADDLW 0xFF
02E1    3FFF    	ADDLW 0xFF
02E2    3FFF    	ADDLW 0xFF
02E3    3FFF    	ADDLW 0xFF
02E4    3FFF    	ADDLW 0xFF
02E5    3FFF    	ADDLW 0xFF
02E6    3FFF    	ADDLW 0xFF
02E7    3FFF    	ADDLW 0xFF
02E8    3FFF    	ADDLW 0xFF
02E9    3FFF    	ADDLW 0xFF
02EA    3FFF    	ADDLW 0xFF
02EB    3FFF    	ADDLW 0xFF
02EC    3FFF    	ADDLW 0xFF
02ED    3FFF    	ADDLW 0xFF
02EE    3FFF    	ADDLW 0xFF
02EF    3FFF    	ADDLW 0xFF
02F0    3FFF    	ADDLW 0xFF
02F1    3FFF    	ADDLW 0xFF
02F2    3FFF    	ADDLW 0xFF
02F3    3FFF    	ADDLW 0xFF
02F4    3FFF    	ADDLW 0xFF
02F5    3FFF    	ADDLW 0xFF
02F6    3FFF    	ADDLW 0xFF
02F7    3FFF    	ADDLW 0xFF
02F8    3FFF    	ADDLW 0xFF
02F9    3FFF    	ADDLW 0xFF
02FA    3FFF    	ADDLW 0xFF
02FB    3FFF    	ADDLW 0xFF
02FC    3FFF    	ADDLW 0xFF
02FD    3FFF    	ADDLW 0xFF
02FE    3FFF    	ADDLW 0xFF
02FF    3FFF    	ADDLW 0xFF
0300    3FFF    	ADDLW 0xFF
0301    3FFF    	ADDLW 0xFF
0302    3FFF    	ADDLW 0xFF
0303    3FFF    	ADDLW 0xFF
0304    3FFF    	ADDLW 0xFF
0305    3FFF    	ADDLW 0xFF
0306    3FFF    	ADDLW 0xFF
0307    3FFF    	ADDLW 0xFF
0308    3FFF    	ADDLW 0xFF
0309    3FFF    	ADDLW 0xFF
030A    3FFF    	ADDLW 0xFF
030B    3FFF    	ADDLW 0xFF
030C    3FFF    	ADDLW 0xFF
030D    3FFF    	ADDLW 0xFF
030E    3FFF    	ADDLW 0xFF
030F    3FFF    	ADDLW 0xFF
0310    3FFF    	ADDLW 0xFF
0311    3FFF    	ADDLW 0xFF
0312    3FFF    	ADDLW 0xFF
0313    3FFF    	ADDLW 0xFF
0314    3FFF    	ADDLW 0xFF
0315    3FFF    	ADDLW 0xFF
0316    3FFF    	ADDLW 0xFF
0317    3FFF    	ADDLW 0xFF
0318    3FFF    	ADDLW 0xFF
0319    3FFF    	ADDLW 0xFF
031A    3FFF    	ADDLW 0xFF
031B    3FFF    	ADDLW 0xFF
031C    3FFF    	ADDLW 0xFF
031D    3FFF    	ADDLW 0xFF
031E    3FFF    	ADDLW 0xFF
031F    3FFF    	ADDLW 0xFF
0320    3FFF    	ADDLW 0xFF
0321    3FFF    	ADDLW 0xFF
0322    3FFF    	ADDLW 0xFF
0323    3FFF    	ADDLW 0xFF
0324    3FFF    	ADDLW 0xFF
0325    3FFF    	ADDLW 0xFF
0326    3FFF    	ADDLW 0xFF
0327    3FFF    	ADDLW 0xFF
0328    3FFF    	ADDLW 0xFF
0329    3FFF    	ADDLW 0xFF
032A    3FFF    	ADDLW 0xFF
032B    3FFF    	ADDLW 0xFF
032C    3FFF    	ADDLW 0xFF
032D    3FFF    	ADDLW 0xFF
032E    3FFF    	ADDLW 0xFF
032F    3FFF    	ADDLW 0xFF
0330    3FFF    	ADDLW 0xFF
0331    3FFF    	ADDLW 0xFF
0332    3FFF    	ADDLW 0xFF
0333    3FFF    	ADDLW 0xFF
0334    3FFF    	ADDLW 0xFF
0335    3FFF    	ADDLW 0xFF
0336    3FFF    	ADDLW 0xFF
0337    3FFF    	ADDLW 0xFF
0338    3FFF    	ADDLW 0xFF
0339    3FFF    	ADDLW 0xFF
033A    3FFF    	ADDLW 0xFF
033B    3FFF    	ADDLW 0xFF
033C    3FFF    	ADDLW 0xFF
033D    3FFF    	ADDLW 0xFF
033E    3FFF    	ADDLW 0xFF
033F    3FFF    	ADDLW 0xFF
0340    3FFF    	ADDLW 0xFF
0341    3FFF    	ADDLW 0xFF
0342    3FFF    	ADDLW 0xFF
0343    3FFF    	ADDLW 0xFF
0344    3FFF    	ADDLW 0xFF
0345    3FFF    	ADDLW 0xFF
0346    3FFF    	ADDLW 0xFF
0347    3FFF    	ADDLW 0xFF
0348    3FFF    	ADDLW 0xFF
0349    3FFF    	ADDLW 0xFF
034A    3FFF    	ADDLW 0xFF
034B    3FFF    	ADDLW 0xFF
034C    3FFF    	ADDLW 0xFF
034D    3FFF    	ADDLW 0xFF
034E    3FFF    	ADDLW 0xFF
034F    3FFF    	ADDLW 0xFF
0350    3FFF    	ADDLW 0xFF
0351    3FFF    	ADDLW 0xFF
0352    3FFF    	ADDLW 0xFF
0353    3FFF    	ADDLW 0xFF
0354    3FFF    	ADDLW 0xFF
0355    3FFF    	ADDLW 0xFF
0356    3FFF    	ADDLW 0xFF
0357    3FFF    	ADDLW 0xFF
0358    3FFF    	ADDLW 0xFF
0359    3FFF    	ADDLW 0xFF
035A    3FFF    	ADDLW 0xFF
035B    3FFF    	ADDLW 0xFF
035C    3FFF    	ADDLW 0xFF
035D    3FFF    	ADDLW 0xFF
035E    3FFF    	ADDLW 0xFF
035F    3FFF    	ADDLW 0xFF
0360    3FFF    	ADDLW 0xFF
0361    3FFF    	ADDLW 0xFF
0362    3FFF    	ADDLW 0xFF
0363    3FFF    	ADDLW 0xFF
0364    3FFF    	ADDLW 0xFF
0365    3FFF    	ADDLW 0xFF
0366    3FFF    	ADDLW 0xFF
0367    3FFF    	ADDLW 0xFF
0368    3FFF    	ADDLW 0xFF
0369    3FFF    	ADDLW 0xFF
036A    3FFF    	ADDLW 0xFF
036B    3FFF    	ADDLW 0xFF
036C    3FFF    	ADDLW 0xFF
036D    3FFF    	ADDLW 0xFF
036E    3FFF    	ADDLW 0xFF
036F    3FFF    	ADDLW 0xFF
0370    3FFF    	ADDLW 0xFF
0371    3FFF    	ADDLW 0xFF
0372    3FFF    	ADDLW 0xFF
0373    3FFF    	ADDLW 0xFF
0374    3FFF    	ADDLW 0xFF
0375    3FFF    	ADDLW 0xFF
0376    3FFF    	ADDLW 0xFF
0377    3FFF    	ADDLW 0xFF
0378    3FFF    	ADDLW 0xFF
0379    3FFF    	ADDLW 0xFF
037A    3FFF    	ADDLW 0xFF
037B    3FFF    	ADDLW 0xFF
037C    3FFF    	ADDLW 0xFF
037D    3FFF    	ADDLW 0xFF
037E    3FFF    	ADDLW 0xFF
037F    3FFF    	ADDLW 0xFF
0380    3FFF    	ADDLW 0xFF
0381    3FFF    	ADDLW 0xFF
0382    3FFF    	ADDLW 0xFF
0383    3FFF    	ADDLW 0xFF
0384    3FFF    	ADDLW 0xFF
0385    3FFF    	ADDLW 0xFF
0386    3FFF    	ADDLW 0xFF
0387    3FFF    	ADDLW 0xFF
0388    3FFF    	ADDLW 0xFF
0389    3FFF    	ADDLW 0xFF
038A    3FFF    	ADDLW 0xFF
038B    3FFF    	ADDLW 0xFF
038C    3FFF    	ADDLW 0xFF
038D    3FFF    	ADDLW 0xFF
038E    3FFF    	ADDLW 0xFF
038F    3FFF    	ADDLW 0xFF
0390    3FFF    	ADDLW 0xFF
0391    3FFF    	ADDLW 0xFF
0392    3FFF    	ADDLW 0xFF
0393    3FFF    	ADDLW 0xFF
0394    3FFF    	ADDLW 0xFF
0395    3FFF    	ADDLW 0xFF
0396    3FFF    	ADDLW 0xFF
0397    3FFF    	ADDLW 0xFF
0398    3FFF    	ADDLW 0xFF
0399    3FFF    	ADDLW 0xFF
039A    3FFF    	ADDLW 0xFF
039B    3FFF    	ADDLW 0xFF
039C    3FFF    	ADDLW 0xFF
039D    3FFF    	ADDLW 0xFF
039E    3FFF    	ADDLW 0xFF
039F    3FFF    	ADDLW 0xFF
03A0    3FFF    	ADDLW 0xFF
03A1    3FFF    	ADDLW 0xFF
03A2    3FFF    	ADDLW 0xFF
03A3    3FFF    	ADDLW 0xFF
03A4    3FFF    	ADDLW 0xFF
03A5    3FFF    	ADDLW 0xFF
03A6    3FFF    	ADDLW 0xFF
03A7    3FFF    	ADDLW 0xFF
03A8    3FFF    	ADDLW 0xFF
03A9    3FFF    	ADDLW 0xFF
03AA    3FFF    	ADDLW 0xFF
03AB    3FFF    	ADDLW 0xFF
03AC    3FFF    	ADDLW 0xFF
03AD    3FFF    	ADDLW 0xFF
03AE    3FFF    	ADDLW 0xFF
03AF    3FFF    	ADDLW 0xFF
03B0    3FFF    	ADDLW 0xFF
03B1    3FFF    	ADDLW 0xFF
03B2    3FFF    	ADDLW 0xFF
03B3    3FFF    	ADDLW 0xFF
03B4    3FFF    	ADDLW 0xFF
03B5    3FFF    	ADDLW 0xFF
03B6    3FFF    	ADDLW 0xFF
03B7    3FFF    	ADDLW 0xFF
03B8    3FFF    	ADDLW 0xFF
03B9    3FFF    	ADDLW 0xFF
03BA    3FFF    	ADDLW 0xFF
03BB    3FFF    	ADDLW 0xFF
03BC    3FFF    	ADDLW 0xFF
03BD    3FFF    	ADDLW 0xFF
03BE    3FFF    	ADDLW 0xFF
03BF    3FFF    	ADDLW 0xFF
03C0    3FFF    	ADDLW 0xFF
03C1    3FFF    	ADDLW 0xFF
03C2    3FFF    	ADDLW 0xFF
03C3    3FFF    	ADDLW 0xFF
03C4    3FFF    	ADDLW 0xFF
03C5    3FFF    	ADDLW 0xFF
03C6    3FFF    	ADDLW 0xFF
03C7    3FFF    	ADDLW 0xFF
03C8    3FFF    	ADDLW 0xFF
03C9    3FFF    	ADDLW 0xFF
03CA    3FFF    	ADDLW 0xFF
03CB    3FFF    	ADDLW 0xFF
03CC    3FFF    	ADDLW 0xFF
03CD    3FFF    	ADDLW 0xFF
03CE    3FFF    	ADDLW 0xFF
03CF    3FFF    	ADDLW 0xFF
03D0    3FFF    	ADDLW 0xFF
03D1    3FFF    	ADDLW 0xFF
03D2    3FFF    	ADDLW 0xFF
03D3    3FFF    	ADDLW 0xFF
03D4    3FFF    	ADDLW 0xFF
03D5    3FFF    	ADDLW 0xFF
03D6    3FFF    	ADDLW 0xFF
03D7    3FFF    	ADDLW 0xFF
03D8    3FFF    	ADDLW 0xFF
03D9    3FFF    	ADDLW 0xFF
03DA    3FFF    	ADDLW 0xFF
03DB    3FFF    	ADDLW 0xFF
03DC    3FFF    	ADDLW 0xFF
03DD    3FFF    	ADDLW 0xFF
03DE    3FFF    	ADDLW 0xFF
03DF    3FFF    	ADDLW 0xFF
03E0    3FFF    	ADDLW 0xFF
03E1    3FFF    	ADDLW 0xFF
03E2    3FFF    	ADDLW 0xFF
03E3    3FFF    	ADDLW 0xFF
03E4    3FFF    	ADDLW 0xFF
03E5    3FFF    	ADDLW 0xFF
03E6    3FFF    	ADDLW 0xFF
03E7    3FFF    	ADDLW 0xFF
03E8    3FFF    	ADDLW 0xFF
03E9    3FFF    	ADDLW 0xFF
03EA    3FFF    	ADDLW 0xFF
03EB    3FFF    	ADDLW 0xFF
03EC    3FFF    	ADDLW 0xFF
03ED    3FFF    	ADDLW 0xFF
03EE    3FFF    	ADDLW 0xFF
03EF    3FFF    	ADDLW 0xFF
03F0    3FFF    	ADDLW 0xFF
03F1    3FFF    	ADDLW 0xFF
03F2    3FFF    	ADDLW 0xFF
03F3    3FFF    	ADDLW 0xFF
03F4    3FFF    	ADDLW 0xFF
03F5    3FFF    	ADDLW 0xFF
03F6    3FFF    	ADDLW 0xFF
03F7    3FFF    	ADDLW 0xFF
03F8    3FFF    	ADDLW 0xFF
03F9    3FFF    	ADDLW 0xFF
03FA    3FFF    	ADDLW 0xFF
03FB    3FFF    	ADDLW 0xFF
03FC    3FFF    	ADDLW 0xFF
03FD    3FFF    	ADDLW 0xFF
03FE    3FFF    	ADDLW 0xFF
03FF    3FFF    	ADDLW 0xFF
0400    3FFF    	ADDLW 0xFF
0401    3FFF    	ADDLW 0xFF
0402    3FFF    	ADDLW 0xFF
0403    3FFF    	ADDLW 0xFF
0404    3FFF    	ADDLW 0xFF
0405    3FFF    	ADDLW 0xFF
0406    3FFF    	ADDLW 0xFF
0407    3FFF    	ADDLW 0xFF
0408    3FFF    	ADDLW 0xFF
0409    3FFF    	ADDLW 0xFF
040A    3FFF    	ADDLW 0xFF
040B    3FFF    	ADDLW 0xFF
040C    3FFF    	ADDLW 0xFF
040D    3FFF    	ADDLW 0xFF
040E    3FFF    	ADDLW 0xFF
040F    3FFF    	ADDLW 0xFF
0410    3FFF    	ADDLW 0xFF
0411    3FFF    	ADDLW 0xFF
0412    3FFF    	ADDLW 0xFF
0413    3FFF    	ADDLW 0xFF
0414    3FFF    	ADDLW 0xFF
0415    3FFF    	ADDLW 0xFF
0416    3FFF    	ADDLW 0xFF
0417    3FFF    	ADDLW 0xFF
0418    3FFF    	ADDLW 0xFF
0419    3FFF    	ADDLW 0xFF
041A    3FFF    	ADDLW 0xFF
041B    3FFF    	ADDLW 0xFF
041C    3FFF    	ADDLW 0xFF
041D    3FFF    	ADDLW 0xFF
041E    3FFF    	ADDLW 0xFF
041F    3FFF    	ADDLW 0xFF
0420    3FFF    	ADDLW 0xFF
0421    3FFF    	ADDLW 0xFF
0422    3FFF    	ADDLW 0xFF
0423    3FFF    	ADDLW 0xFF
0424    3FFF    	ADDLW 0xFF
0425    3FFF    	ADDLW 0xFF
0426    3FFF    	ADDLW 0xFF
0427    3FFF    	ADDLW 0xFF
0428    3FFF    	ADDLW 0xFF
0429    3FFF    	ADDLW 0xFF
042A    3FFF    	ADDLW 0xFF
042B    3FFF    	ADDLW 0xFF
042C    3FFF    	ADDLW 0xFF
042D    3FFF    	ADDLW 0xFF
042E    3FFF    	ADDLW 0xFF
042F    3FFF    	ADDLW 0xFF
0430    3FFF    	ADDLW 0xFF
0431    3FFF    	ADDLW 0xFF
0432    3FFF    	ADDLW 0xFF
0433    3FFF    	ADDLW 0xFF
0434    3FFF    	ADDLW 0xFF
0435    3FFF    	ADDLW 0xFF
0436    3FFF    	ADDLW 0xFF
0437    3FFF    	ADDLW 0xFF
0438    3FFF    	ADDLW 0xFF
0439    3FFF    	ADDLW 0xFF
043A    3FFF    	ADDLW 0xFF
043B    3FFF    	ADDLW 0xFF
043C    3FFF    	ADDLW 0xFF
043D    3FFF    	ADDLW 0xFF
043E    3FFF    	ADDLW 0xFF
043F    3FFF    	ADDLW 0xFF
0440    3FFF    	ADDLW 0xFF
0441    3FFF    	ADDLW 0xFF
0442    3FFF    	ADDLW 0xFF
0443    3FFF    	ADDLW 0xFF
0444    3FFF    	ADDLW 0xFF
0445    3FFF    	ADDLW 0xFF
0446    3FFF    	ADDLW 0xFF
0447    3FFF    	ADDLW 0xFF
0448    3FFF    	ADDLW 0xFF
0449    3FFF    	ADDLW 0xFF
044A    3FFF    	ADDLW 0xFF
044B    3FFF    	ADDLW 0xFF
044C    3FFF    	ADDLW 0xFF
044D    3FFF    	ADDLW 0xFF
044E    3FFF    	ADDLW 0xFF
044F    3FFF    	ADDLW 0xFF
0450    3FFF    	ADDLW 0xFF
0451    3FFF    	ADDLW 0xFF
0452    3FFF    	ADDLW 0xFF
0453    3FFF    	ADDLW 0xFF
0454    3FFF    	ADDLW 0xFF
0455    3FFF    	ADDLW 0xFF
0456    3FFF    	ADDLW 0xFF
0457    3FFF    	ADDLW 0xFF
0458    3FFF    	ADDLW 0xFF
0459    3FFF    	ADDLW 0xFF
045A    3FFF    	ADDLW 0xFF
045B    3FFF    	ADDLW 0xFF
045C    3FFF    	ADDLW 0xFF
045D    3FFF    	ADDLW 0xFF
045E    3FFF    	ADDLW 0xFF
045F    3FFF    	ADDLW 0xFF
0460    3FFF    	ADDLW 0xFF
0461    3FFF    	ADDLW 0xFF
0462    3FFF    	ADDLW 0xFF
0463    3FFF    	ADDLW 0xFF
0464    3FFF    	ADDLW 0xFF
0465    3FFF    	ADDLW 0xFF
0466    3FFF    	ADDLW 0xFF
0467    3FFF    	ADDLW 0xFF
0468    3FFF    	ADDLW 0xFF
0469    3FFF    	ADDLW 0xFF
046A    3FFF    	ADDLW 0xFF
046B    3FFF    	ADDLW 0xFF
046C    3FFF    	ADDLW 0xFF
046D    3FFF    	ADDLW 0xFF
046E    3FFF    	ADDLW 0xFF
046F    3FFF    	ADDLW 0xFF
0470    3FFF    	ADDLW 0xFF
0471    3FFF    	ADDLW 0xFF
0472    3FFF    	ADDLW 0xFF
0473    3FFF    	ADDLW 0xFF
0474    3FFF    	ADDLW 0xFF
0475    3FFF    	ADDLW 0xFF
0476    3FFF    	ADDLW 0xFF
0477    3FFF    	ADDLW 0xFF
0478    3FFF    	ADDLW 0xFF
0479    3FFF    	ADDLW 0xFF
047A    3FFF    	ADDLW 0xFF
047B    3FFF    	ADDLW 0xFF
047C    3FFF    	ADDLW 0xFF
047D    3FFF    	ADDLW 0xFF
047E    3FFF    	ADDLW 0xFF
047F    3FFF    	ADDLW 0xFF
0480    3FFF    	ADDLW 0xFF
0481    3FFF    	ADDLW 0xFF
0482    3FFF    	ADDLW 0xFF
0483    3FFF    	ADDLW 0xFF
0484    3FFF    	ADDLW 0xFF
0485    3FFF    	ADDLW 0xFF
0486    3FFF    	ADDLW 0xFF
0487    3FFF    	ADDLW 0xFF
0488    3FFF    	ADDLW 0xFF
0489    3FFF    	ADDLW 0xFF
048A    3FFF    	ADDLW 0xFF
048B    3FFF    	ADDLW 0xFF
048C    3FFF    	ADDLW 0xFF
048D    3FFF    	ADDLW 0xFF
048E    3FFF    	ADDLW 0xFF
048F    3FFF    	ADDLW 0xFF
0490    3FFF    	ADDLW 0xFF
0491    3FFF    	ADDLW 0xFF
0492    3FFF    	ADDLW 0xFF
0493    3FFF    	ADDLW 0xFF
0494    3FFF    	ADDLW 0xFF
0495    3FFF    	ADDLW 0xFF
0496    3FFF    	ADDLW 0xFF
0497    3FFF    	ADDLW 0xFF
0498    3FFF    	ADDLW 0xFF
0499    3FFF    	ADDLW 0xFF
049A    3FFF    	ADDLW 0xFF
049B    3FFF    	ADDLW 0xFF
049C    3FFF    	ADDLW 0xFF
049D    3FFF    	ADDLW 0xFF
049E    3FFF    	ADDLW 0xFF
049F    3FFF    	ADDLW 0xFF
04A0    3FFF    	ADDLW 0xFF
04A1    3FFF    	ADDLW 0xFF
04A2    3FFF    	ADDLW 0xFF
04A3    3FFF    	ADDLW 0xFF
04A4    3FFF    	ADDLW 0xFF
04A5    3FFF    	ADDLW 0xFF
04A6    3FFF    	ADDLW 0xFF
04A7    3FFF    	ADDLW 0xFF
04A8    3FFF    	ADDLW 0xFF
04A9    3FFF    	ADDLW 0xFF
04AA    3FFF    	ADDLW 0xFF
04AB    3FFF    	ADDLW 0xFF
04AC    3FFF    	ADDLW 0xFF
04AD    3FFF    	ADDLW 0xFF
04AE    3FFF    	ADDLW 0xFF
04AF    3FFF    	ADDLW 0xFF
04B0    3FFF    	ADDLW 0xFF
04B1    3FFF    	ADDLW 0xFF
04B2    3FFF    	ADDLW 0xFF
04B3    3FFF    	ADDLW 0xFF
04B4    3FFF    	ADDLW 0xFF
04B5    3FFF    	ADDLW 0xFF
04B6    3FFF    	ADDLW 0xFF
04B7    3FFF    	ADDLW 0xFF
04B8    3FFF    	ADDLW 0xFF
04B9    3FFF    	ADDLW 0xFF
04BA    3FFF    	ADDLW 0xFF
04BB    3FFF    	ADDLW 0xFF
04BC    3FFF    	ADDLW 0xFF
04BD    3FFF    	ADDLW 0xFF
04BE    3FFF    	ADDLW 0xFF
04BF    3FFF    	ADDLW 0xFF
04C0    3FFF    	ADDLW 0xFF
04C1    3FFF    	ADDLW 0xFF
04C2    3FFF    	ADDLW 0xFF
04C3    3FFF    	ADDLW 0xFF
04C4    3FFF    	ADDLW 0xFF
04C5    3FFF    	ADDLW 0xFF
04C6    3FFF    	ADDLW 0xFF
04C7    3FFF    	ADDLW 0xFF
04C8    3FFF    	ADDLW 0xFF
04C9    3FFF    	ADDLW 0xFF
04CA    3FFF    	ADDLW 0xFF
04CB    3FFF    	ADDLW 0xFF
04CC    3FFF    	ADDLW 0xFF
04CD    3FFF    	ADDLW 0xFF
04CE    3FFF    	ADDLW 0xFF
04CF    3FFF    	ADDLW 0xFF
04D0    3FFF    	ADDLW 0xFF
04D1    3FFF    	ADDLW 0xFF
04D2    3FFF    	ADDLW 0xFF
04D3    3FFF    	ADDLW 0xFF
04D4    3FFF    	ADDLW 0xFF
04D5    3FFF    	ADDLW 0xFF
04D6    3FFF    	ADDLW 0xFF
04D7    3FFF    	ADDLW 0xFF
04D8    3FFF    	ADDLW 0xFF
04D9    3FFF    	ADDLW 0xFF
04DA    3FFF    	ADDLW 0xFF
04DB    3FFF    	ADDLW 0xFF
04DC    3FFF    	ADDLW 0xFF
04DD    3FFF    	ADDLW 0xFF
04DE    3FFF    	ADDLW 0xFF
04DF    3FFF    	ADDLW 0xFF
04E0    3FFF    	ADDLW 0xFF
04E1    3FFF    	ADDLW 0xFF
04E2    3FFF    	ADDLW 0xFF
04E3    3FFF    	ADDLW 0xFF
04E4    3FFF    	ADDLW 0xFF
04E5    3FFF    	ADDLW 0xFF
04E6    3FFF    	ADDLW 0xFF
04E7    3FFF    	ADDLW 0xFF
04E8    3FFF    	ADDLW 0xFF
04E9    3FFF    	ADDLW 0xFF
04EA    3FFF    	ADDLW 0xFF
04EB    3FFF    	ADDLW 0xFF
04EC    3FFF    	ADDLW 0xFF
04ED    3FFF    	ADDLW 0xFF
04EE    3FFF    	ADDLW 0xFF
04EF    3FFF    	ADDLW 0xFF
04F0    3FFF    	ADDLW 0xFF
04F1    3FFF    	ADDLW 0xFF
04F2    3FFF    	ADDLW 0xFF
04F3    3FFF    	ADDLW 0xFF
04F4    3FFF    	ADDLW 0xFF
04F5    3FFF    	ADDLW 0xFF
04F6    3FFF    	ADDLW 0xFF
04F7    3FFF    	ADDLW 0xFF
04F8    3FFF    	ADDLW 0xFF
04F9    3FFF    	ADDLW 0xFF
04FA    3FFF    	ADDLW 0xFF
04FB    3FFF    	ADDLW 0xFF
04FC    3FFF    	ADDLW 0xFF
04FD    3FFF    	ADDLW 0xFF
04FE    3FFF    	ADDLW 0xFF
04FF    3FFF    	ADDLW 0xFF
0500    3FFF    	ADDLW 0xFF
0501    3FFF    	ADDLW 0xFF
0502    3FFF    	ADDLW 0xFF
0503    3FFF    	ADDLW 0xFF
0504    3FFF    	ADDLW 0xFF
0505    3FFF    	ADDLW 0xFF
0506    3FFF    	ADDLW 0xFF
0507    3FFF    	ADDLW 0xFF
0508    3FFF    	ADDLW 0xFF
0509    3FFF    	ADDLW 0xFF
050A    3FFF    	ADDLW 0xFF
050B    3FFF    	ADDLW 0xFF
050C    3FFF    	ADDLW 0xFF
050D    3FFF    	ADDLW 0xFF
050E    3FFF    	ADDLW 0xFF
050F    3FFF    	ADDLW 0xFF
0510    3FFF    	ADDLW 0xFF
0511    3FFF    	ADDLW 0xFF
0512    3FFF    	ADDLW 0xFF
0513    3FFF    	ADDLW 0xFF
0514    3FFF    	ADDLW 0xFF
0515    3FFF    	ADDLW 0xFF
0516    3FFF    	ADDLW 0xFF
0517    3FFF    	ADDLW 0xFF
0518    3FFF    	ADDLW 0xFF
0519    3FFF    	ADDLW 0xFF
051A    3FFF    	ADDLW 0xFF
051B    3FFF    	ADDLW 0xFF
051C    3FFF    	ADDLW 0xFF
051D    3FFF    	ADDLW 0xFF
051E    3FFF    	ADDLW 0xFF
051F    3FFF    	ADDLW 0xFF
0520    3FFF    	ADDLW 0xFF
0521    3FFF    	ADDLW 0xFF
0522    3FFF    	ADDLW 0xFF
0523    3FFF    	ADDLW 0xFF
0524    3FFF    	ADDLW 0xFF
0525    3FFF    	ADDLW 0xFF
0526    3FFF    	ADDLW 0xFF
0527    3FFF    	ADDLW 0xFF
0528    3FFF    	ADDLW 0xFF
0529    3FFF    	ADDLW 0xFF
052A    3FFF    	ADDLW 0xFF
052B    3FFF    	ADDLW 0xFF
052C    3FFF    	ADDLW 0xFF
052D    3FFF    	ADDLW 0xFF
052E    3FFF    	ADDLW 0xFF
052F    3FFF    	ADDLW 0xFF
0530    3FFF    	ADDLW 0xFF
0531    3FFF    	ADDLW 0xFF
0532    3FFF    	ADDLW 0xFF
0533    3FFF    	ADDLW 0xFF
0534    3FFF    	ADDLW 0xFF
0535    3FFF    	ADDLW 0xFF
0536    3FFF    	ADDLW 0xFF
0537    3FFF    	ADDLW 0xFF
0538    3FFF    	ADDLW 0xFF
0539    3FFF    	ADDLW 0xFF
053A    3FFF    	ADDLW 0xFF
053B    3FFF    	ADDLW 0xFF
053C    3FFF    	ADDLW 0xFF
053D    3FFF    	ADDLW 0xFF
053E    3FFF    	ADDLW 0xFF
053F    3FFF    	ADDLW 0xFF
0540    3FFF    	ADDLW 0xFF
0541    3FFF    	ADDLW 0xFF
0542    3FFF    	ADDLW 0xFF
0543    3FFF    	ADDLW 0xFF
0544    3FFF    	ADDLW 0xFF
0545    3FFF    	ADDLW 0xFF
0546    3FFF    	ADDLW 0xFF
0547    3FFF    	ADDLW 0xFF
0548    3FFF    	ADDLW 0xFF
0549    3FFF    	ADDLW 0xFF
054A    3FFF    	ADDLW 0xFF
054B    3FFF    	ADDLW 0xFF
054C    3FFF    	ADDLW 0xFF
054D    3FFF    	ADDLW 0xFF
054E    3FFF    	ADDLW 0xFF
054F    3FFF    	ADDLW 0xFF
0550    3FFF    	ADDLW 0xFF
0551    3FFF    	ADDLW 0xFF
0552    3FFF    	ADDLW 0xFF
0553    3FFF    	ADDLW 0xFF
0554    3FFF    	ADDLW 0xFF
0555    3FFF    	ADDLW 0xFF
0556    3FFF    	ADDLW 0xFF
0557    3FFF    	ADDLW 0xFF
0558    3FFF    	ADDLW 0xFF
0559    3FFF    	ADDLW 0xFF
055A    3FFF    	ADDLW 0xFF
055B    3FFF    	ADDLW 0xFF
055C    3FFF    	ADDLW 0xFF
055D    3FFF    	ADDLW 0xFF
055E    3FFF    	ADDLW 0xFF
055F    3FFF    	ADDLW 0xFF
0560    3FFF    	ADDLW 0xFF
0561    3FFF    	ADDLW 0xFF
0562    3FFF    	ADDLW 0xFF
0563    3FFF    	ADDLW 0xFF
0564    3FFF    	ADDLW 0xFF
0565    3FFF    	ADDLW 0xFF
0566    3FFF    	ADDLW 0xFF
0567    3FFF    	ADDLW 0xFF
0568    3FFF    	ADDLW 0xFF
0569    3FFF    	ADDLW 0xFF
056A    3FFF    	ADDLW 0xFF
056B    3FFF    	ADDLW 0xFF
056C    3FFF    	ADDLW 0xFF
056D    3FFF    	ADDLW 0xFF
056E    3FFF    	ADDLW 0xFF
056F    3FFF    	ADDLW 0xFF
0570    3FFF    	ADDLW 0xFF
0571    3FFF    	ADDLW 0xFF
0572    3FFF    	ADDLW 0xFF
0573    3FFF    	ADDLW 0xFF
0574    3FFF    	ADDLW 0xFF
0575    3FFF    	ADDLW 0xFF
0576    3FFF    	ADDLW 0xFF
0577    3FFF    	ADDLW 0xFF
0578    3FFF    	ADDLW 0xFF
0579    3FFF    	ADDLW 0xFF
057A    3FFF    	ADDLW 0xFF
057B    3FFF    	ADDLW 0xFF
057C    3FFF    	ADDLW 0xFF
057D    3FFF    	ADDLW 0xFF
057E    3FFF    	ADDLW 0xFF
057F    3FFF    	ADDLW 0xFF
0580    3FFF    	ADDLW 0xFF
0581    3FFF    	ADDLW 0xFF
0582    3FFF    	ADDLW 0xFF
0583    3FFF    	ADDLW 0xFF
0584    3FFF    	ADDLW 0xFF
0585    3FFF    	ADDLW 0xFF
0586    3FFF    	ADDLW 0xFF
0587    3FFF    	ADDLW 0xFF
0588    3FFF    	ADDLW 0xFF
0589    3FFF    	ADDLW 0xFF
058A    3FFF    	ADDLW 0xFF
058B    3FFF    	ADDLW 0xFF
058C    3FFF    	ADDLW 0xFF
058D    3FFF    	ADDLW 0xFF
058E    3FFF    	ADDLW 0xFF
058F    3FFF    	ADDLW 0xFF
0590    3FFF    	ADDLW 0xFF
0591    3FFF    	ADDLW 0xFF
0592    3FFF    	ADDLW 0xFF
0593    3FFF    	ADDLW 0xFF
0594    3FFF    	ADDLW 0xFF
0595    3FFF    	ADDLW 0xFF
0596    3FFF    	ADDLW 0xFF
0597    3FFF    	ADDLW 0xFF
0598    3FFF    	ADDLW 0xFF
0599    3FFF    	ADDLW 0xFF
059A    3FFF    	ADDLW 0xFF
059B    3FFF    	ADDLW 0xFF
059C    3FFF    	ADDLW 0xFF
059D    3FFF    	ADDLW 0xFF
059E    3FFF    	ADDLW 0xFF
059F    3FFF    	ADDLW 0xFF
05A0    3FFF    	ADDLW 0xFF
05A1    3FFF    	ADDLW 0xFF
05A2    3FFF    	ADDLW 0xFF
05A3    3FFF    	ADDLW 0xFF
05A4    3FFF    	ADDLW 0xFF
05A5    3FFF    	ADDLW 0xFF
05A6    3FFF    	ADDLW 0xFF
05A7    3FFF    	ADDLW 0xFF
05A8    3FFF    	ADDLW 0xFF
05A9    3FFF    	ADDLW 0xFF
05AA    3FFF    	ADDLW 0xFF
05AB    3FFF    	ADDLW 0xFF
05AC    3FFF    	ADDLW 0xFF
05AD    3FFF    	ADDLW 0xFF
05AE    3FFF    	ADDLW 0xFF
05AF    3FFF    	ADDLW 0xFF
05B0    3FFF    	ADDLW 0xFF
05B1    3FFF    	ADDLW 0xFF
05B2    3FFF    	ADDLW 0xFF
05B3    3FFF    	ADDLW 0xFF
05B4    3FFF    	ADDLW 0xFF
05B5    3FFF    	ADDLW 0xFF
05B6    3FFF    	ADDLW 0xFF
05B7    3FFF    	ADDLW 0xFF
05B8    3FFF    	ADDLW 0xFF
05B9    3FFF    	ADDLW 0xFF
05BA    3FFF    	ADDLW 0xFF
05BB    3FFF    	ADDLW 0xFF
05BC    3FFF    	ADDLW 0xFF
05BD    3FFF    	ADDLW 0xFF
05BE    3FFF    	ADDLW 0xFF
05BF    3FFF    	ADDLW 0xFF
05C0    3FFF    	ADDLW 0xFF
05C1    3FFF    	ADDLW 0xFF
05C2    3FFF    	ADDLW 0xFF
05C3    3FFF    	ADDLW 0xFF
05C4    3FFF    	ADDLW 0xFF
05C5    3FFF    	ADDLW 0xFF
05C6    3FFF    	ADDLW 0xFF
05C7    3FFF    	ADDLW 0xFF
05C8    3FFF    	ADDLW 0xFF
05C9    3FFF    	ADDLW 0xFF
05CA    3FFF    	ADDLW 0xFF
05CB    3FFF    	ADDLW 0xFF
05CC    3FFF    	ADDLW 0xFF
05CD    3FFF    	ADDLW 0xFF
05CE    3FFF    	ADDLW 0xFF
05CF    3FFF    	ADDLW 0xFF
05D0    3FFF    	ADDLW 0xFF
05D1    3FFF    	ADDLW 0xFF
05D2    3FFF    	ADDLW 0xFF
05D3    3FFF    	ADDLW 0xFF
05D4    3FFF    	ADDLW 0xFF
05D5    3FFF    	ADDLW 0xFF
05D6    3FFF    	ADDLW 0xFF
05D7    3FFF    	ADDLW 0xFF
05D8    3FFF    	ADDLW 0xFF
05D9    3FFF    	ADDLW 0xFF
05DA    3FFF    	ADDLW 0xFF
05DB    3FFF    	ADDLW 0xFF
05DC    3FFF    	ADDLW 0xFF
05DD    3FFF    	ADDLW 0xFF
05DE    3FFF    	ADDLW 0xFF
05DF    3FFF    	ADDLW 0xFF
05E0    3FFF    	ADDLW 0xFF
05E1    3FFF    	ADDLW 0xFF
05E2    3FFF    	ADDLW 0xFF
05E3    3FFF    	ADDLW 0xFF
05E4    3FFF    	ADDLW 0xFF
05E5    3FFF    	ADDLW 0xFF
05E6    3FFF    	ADDLW 0xFF
05E7    3FFF    	ADDLW 0xFF
05E8    3FFF    	ADDLW 0xFF
05E9    3FFF    	ADDLW 0xFF
05EA    3FFF    	ADDLW 0xFF
05EB    3FFF    	ADDLW 0xFF
05EC    3FFF    	ADDLW 0xFF
05ED    3FFF    	ADDLW 0xFF
05EE    3FFF    	ADDLW 0xFF
05EF    3FFF    	ADDLW 0xFF
05F0    3FFF    	ADDLW 0xFF
05F1    3FFF    	ADDLW 0xFF
05F2    3FFF    	ADDLW 0xFF
05F3    3FFF    	ADDLW 0xFF
05F4    3FFF    	ADDLW 0xFF
05F5    3FFF    	ADDLW 0xFF
05F6    3FFF    	ADDLW 0xFF
05F7    3FFF    	ADDLW 0xFF
05F8    3FFF    	ADDLW 0xFF
05F9    3FFF    	ADDLW 0xFF
05FA    3FFF    	ADDLW 0xFF
05FB    3FFF    	ADDLW 0xFF
05FC    3FFF    	ADDLW 0xFF
05FD    3FFF    	ADDLW 0xFF
05FE    3FFF    	ADDLW 0xFF
05FF    3FFF    	ADDLW 0xFF
0600    3FFF    	ADDLW 0xFF
0601    3FFF    	ADDLW 0xFF
0602    3FFF    	ADDLW 0xFF
0603    3FFF    	ADDLW 0xFF
0604    3FFF    	ADDLW 0xFF
0605    3FFF    	ADDLW 0xFF
0606    3FFF    	ADDLW 0xFF
0607    3FFF    	ADDLW 0xFF
0608    3FFF    	ADDLW 0xFF
0609    3FFF    	ADDLW 0xFF
060A    3FFF    	ADDLW 0xFF
060B    3FFF    	ADDLW 0xFF
060C    3FFF    	ADDLW 0xFF
060D    3FFF    	ADDLW 0xFF
060E    3FFF    	ADDLW 0xFF
060F    3FFF    	ADDLW 0xFF
0610    3FFF    	ADDLW 0xFF
0611    3FFF    	ADDLW 0xFF
0612    3FFF    	ADDLW 0xFF
0613    3FFF    	ADDLW 0xFF
0614    3FFF    	ADDLW 0xFF
0615    3FFF    	ADDLW 0xFF
0616    3FFF    	ADDLW 0xFF
0617    3FFF    	ADDLW 0xFF
0618    3FFF    	ADDLW 0xFF
0619    3FFF    	ADDLW 0xFF
061A    3FFF    	ADDLW 0xFF
061B    3FFF    	ADDLW 0xFF
061C    3FFF    	ADDLW 0xFF
061D    3FFF    	ADDLW 0xFF
061E    3FFF    	ADDLW 0xFF
061F    3FFF    	ADDLW 0xFF
0620    3FFF    	ADDLW 0xFF
0621    3FFF    	ADDLW 0xFF
0622    3FFF    	ADDLW 0xFF
0623    3FFF    	ADDLW 0xFF
0624    3FFF    	ADDLW 0xFF
0625    3FFF    	ADDLW 0xFF
0626    3FFF    	ADDLW 0xFF
0627    3FFF    	ADDLW 0xFF
0628    3FFF    	ADDLW 0xFF
0629    3FFF    	ADDLW 0xFF
062A    3FFF    	ADDLW 0xFF
062B    3FFF    	ADDLW 0xFF
062C    3FFF    	ADDLW 0xFF
062D    3FFF    	ADDLW 0xFF
062E    3FFF    	ADDLW 0xFF
062F    3FFF    	ADDLW 0xFF
0630    3FFF    	ADDLW 0xFF
0631    3FFF    	ADDLW 0xFF
0632    3FFF    	ADDLW 0xFF
0633    3FFF    	ADDLW 0xFF
0634    3FFF    	ADDLW 0xFF
0635    3FFF    	ADDLW 0xFF
0636    3FFF    	ADDLW 0xFF
0637    3FFF    	ADDLW 0xFF
0638    3FFF    	ADDLW 0xFF
0639    3FFF    	ADDLW 0xFF
063A    3FFF    	ADDLW 0xFF
063B    3FFF    	ADDLW 0xFF
063C    3FFF    	ADDLW 0xFF
063D    3FFF    	ADDLW 0xFF
063E    3FFF    	ADDLW 0xFF
063F    3FFF    	ADDLW 0xFF
0640    3FFF    	ADDLW 0xFF
0641    3FFF    	ADDLW 0xFF
0642    3FFF    	ADDLW 0xFF
0643    3FFF    	ADDLW 0xFF
0644    3FFF    	ADDLW 0xFF
0645    3FFF    	ADDLW 0xFF
0646    3FFF    	ADDLW 0xFF
0647    3FFF    	ADDLW 0xFF
0648    3FFF    	ADDLW 0xFF
0649    3FFF    	ADDLW 0xFF
064A    3FFF    	ADDLW 0xFF
064B    3FFF    	ADDLW 0xFF
064C    3FFF    	ADDLW 0xFF
064D    3FFF    	ADDLW 0xFF
064E    3FFF    	ADDLW 0xFF
064F    3FFF    	ADDLW 0xFF
0650    3FFF    	ADDLW 0xFF
0651    3FFF    	ADDLW 0xFF
0652    3FFF    	ADDLW 0xFF
0653    3FFF    	ADDLW 0xFF
0654    3FFF    	ADDLW 0xFF
0655    3FFF    	ADDLW 0xFF
0656    3FFF    	ADDLW 0xFF
0657    3FFF    	ADDLW 0xFF
0658    3FFF    	ADDLW 0xFF
0659    3FFF    	ADDLW 0xFF
065A    3FFF    	ADDLW 0xFF
065B    3FFF    	ADDLW 0xFF
065C    3FFF    	ADDLW 0xFF
065D    3FFF    	ADDLW 0xFF
065E    3FFF    	ADDLW 0xFF
065F    3FFF    	ADDLW 0xFF
0660    3FFF    	ADDLW 0xFF
0661    3FFF    	ADDLW 0xFF
0662    3FFF    	ADDLW 0xFF
0663    3FFF    	ADDLW 0xFF
0664    3FFF    	ADDLW 0xFF
0665    3FFF    	ADDLW 0xFF
0666    3FFF    	ADDLW 0xFF
0667    3FFF    	ADDLW 0xFF
0668    3FFF    	ADDLW 0xFF
0669    3FFF    	ADDLW 0xFF
066A    3FFF    	ADDLW 0xFF
066B    3FFF    	ADDLW 0xFF
066C    3FFF    	ADDLW 0xFF
066D    3FFF    	ADDLW 0xFF
066E    3FFF    	ADDLW 0xFF
066F    3FFF    	ADDLW 0xFF
0670    3FFF    	ADDLW 0xFF
0671    3FFF    	ADDLW 0xFF
0672    3FFF    	ADDLW 0xFF
0673    3FFF    	ADDLW 0xFF
0674    3FFF    	ADDLW 0xFF
0675    3FFF    	ADDLW 0xFF
0676    3FFF    	ADDLW 0xFF
0677    3FFF    	ADDLW 0xFF
0678    3FFF    	ADDLW 0xFF
0679    3FFF    	ADDLW 0xFF
067A    3FFF    	ADDLW 0xFF
067B    3FFF    	ADDLW 0xFF
067C    3FFF    	ADDLW 0xFF
067D    3FFF    	ADDLW 0xFF
067E    3FFF    	ADDLW 0xFF
067F    3FFF    	ADDLW 0xFF
0680    3FFF    	ADDLW 0xFF
0681    3FFF    	ADDLW 0xFF
0682    3FFF    	ADDLW 0xFF
0683    3FFF    	ADDLW 0xFF
0684    3FFF    	ADDLW 0xFF
0685    3FFF    	ADDLW 0xFF
0686    3FFF    	ADDLW 0xFF
0687    3FFF    	ADDLW 0xFF
0688    3FFF    	ADDLW 0xFF
0689    3FFF    	ADDLW 0xFF
068A    3FFF    	ADDLW 0xFF
068B    3FFF    	ADDLW 0xFF
068C    3FFF    	ADDLW 0xFF
068D    3FFF    	ADDLW 0xFF
068E    3FFF    	ADDLW 0xFF
068F    3FFF    	ADDLW 0xFF
0690    3FFF    	ADDLW 0xFF
0691    3FFF    	ADDLW 0xFF
0692    3FFF    	ADDLW 0xFF
0693    3FFF    	ADDLW 0xFF
0694    3FFF    	ADDLW 0xFF
0695    3FFF    	ADDLW 0xFF
0696    3FFF    	ADDLW 0xFF
0697    3FFF    	ADDLW 0xFF
0698    3FFF    	ADDLW 0xFF
0699    3FFF    	ADDLW 0xFF
069A    3FFF    	ADDLW 0xFF
069B    3FFF    	ADDLW 0xFF
069C    3FFF    	ADDLW 0xFF
069D    3FFF    	ADDLW 0xFF
069E    3FFF    	ADDLW 0xFF
069F    3FFF    	ADDLW 0xFF
06A0    3FFF    	ADDLW 0xFF
06A1    3FFF    	ADDLW 0xFF
06A2    3FFF    	ADDLW 0xFF
06A3    3FFF    	ADDLW 0xFF
06A4    3FFF    	ADDLW 0xFF
06A5    3FFF    	ADDLW 0xFF
06A6    3FFF    	ADDLW 0xFF
06A7    3FFF    	ADDLW 0xFF
06A8    3FFF    	ADDLW 0xFF
06A9    3FFF    	ADDLW 0xFF
06AA    3FFF    	ADDLW 0xFF
06AB    3FFF    	ADDLW 0xFF
06AC    3FFF    	ADDLW 0xFF
06AD    3FFF    	ADDLW 0xFF
06AE    3FFF    	ADDLW 0xFF
06AF    3FFF    	ADDLW 0xFF
06B0    3FFF    	ADDLW 0xFF
06B1    3FFF    	ADDLW 0xFF
06B2    3FFF    	ADDLW 0xFF
06B3    3FFF    	ADDLW 0xFF
06B4    3FFF    	ADDLW 0xFF
06B5    3FFF    	ADDLW 0xFF
06B6    3FFF    	ADDLW 0xFF
06B7    3FFF    	ADDLW 0xFF
06B8    3FFF    	ADDLW 0xFF
06B9    3FFF    	ADDLW 0xFF
06BA    3FFF    	ADDLW 0xFF
06BB    3FFF    	ADDLW 0xFF
06BC    3FFF    	ADDLW 0xFF
06BD    3FFF    	ADDLW 0xFF
06BE    3FFF    	ADDLW 0xFF
06BF    3FFF    	ADDLW 0xFF
06C0    3FFF    	ADDLW 0xFF
06C1    3FFF    	ADDLW 0xFF
06C2    3FFF    	ADDLW 0xFF
06C3    3FFF    	ADDLW 0xFF
06C4    3FFF    	ADDLW 0xFF
06C5    3FFF    	ADDLW 0xFF
06C6    3FFF    	ADDLW 0xFF
06C7    3FFF    	ADDLW 0xFF
06C8    3FFF    	ADDLW 0xFF
06C9    3FFF    	ADDLW 0xFF
06CA    3FFF    	ADDLW 0xFF
06CB    3FFF    	ADDLW 0xFF
06CC    3FFF    	ADDLW 0xFF
06CD    3FFF    	ADDLW 0xFF
06CE    3FFF    	ADDLW 0xFF
06CF    3FFF    	ADDLW 0xFF
06D0    3FFF    	ADDLW 0xFF
06D1    3FFF    	ADDLW 0xFF
06D2    3FFF    	ADDLW 0xFF
06D3    3FFF    	ADDLW 0xFF
06D4    3FFF    	ADDLW 0xFF
06D5    3FFF    	ADDLW 0xFF
06D6    3FFF    	ADDLW 0xFF
06D7    3FFF    	ADDLW 0xFF
06D8    3FFF    	ADDLW 0xFF
06D9    3FFF    	ADDLW 0xFF
06DA    3FFF    	ADDLW 0xFF
06DB    3FFF    	ADDLW 0xFF
06DC    3FFF    	ADDLW 0xFF
06DD    3FFF    	ADDLW 0xFF
06DE    3FFF    	ADDLW 0xFF
06DF    3FFF    	ADDLW 0xFF
06E0    3FFF    	ADDLW 0xFF
06E1    3FFF    	ADDLW 0xFF
06E2    3FFF    	ADDLW 0xFF
06E3    3FFF    	ADDLW 0xFF
06E4    3FFF    	ADDLW 0xFF
06E5    3FFF    	ADDLW 0xFF
06E6    3FFF    	ADDLW 0xFF
06E7    3FFF    	ADDLW 0xFF
06E8    3FFF    	ADDLW 0xFF
06E9    3FFF    	ADDLW 0xFF
06EA    3FFF    	ADDLW 0xFF
06EB    3FFF    	ADDLW 0xFF
06EC    3FFF    	ADDLW 0xFF
06ED    3FFF    	ADDLW 0xFF
06EE    3FFF    	ADDLW 0xFF
06EF    3FFF    	ADDLW 0xFF
06F0    3FFF    	ADDLW 0xFF
06F1    3FFF    	ADDLW 0xFF
06F2    3FFF    	ADDLW 0xFF
06F3    3FFF    	ADDLW 0xFF
06F4    3FFF    	ADDLW 0xFF
06F5    3FFF    	ADDLW 0xFF
06F6    3FFF    	ADDLW 0xFF
06F7    3FFF    	ADDLW 0xFF
06F8    3FFF    	ADDLW 0xFF
06F9    3FFF    	ADDLW 0xFF
06FA    3FFF    	ADDLW 0xFF
06FB    3FFF    	ADDLW 0xFF
06FC    3FFF    	ADDLW 0xFF
06FD    3FFF    	ADDLW 0xFF
06FE    3FFF    	ADDLW 0xFF
06FF    3FFF    	ADDLW 0xFF
0700    3FFF    	ADDLW 0xFF
0701    3FFF    	ADDLW 0xFF
0702    3FFF    	ADDLW 0xFF
0703    3FFF    	ADDLW 0xFF
0704    3FFF    	ADDLW 0xFF
0705    3FFF    	ADDLW 0xFF
0706    3FFF    	ADDLW 0xFF
0707    3FFF    	ADDLW 0xFF
0708    3FFF    	ADDLW 0xFF
0709    3FFF    	ADDLW 0xFF
070A    3FFF    	ADDLW 0xFF
070B    3FFF    	ADDLW 0xFF
070C    3FFF    	ADDLW 0xFF
070D    3FFF    	ADDLW 0xFF
070E    3FFF    	ADDLW 0xFF
070F    3FFF    	ADDLW 0xFF
0710    3FFF    	ADDLW 0xFF
0711    3FFF    	ADDLW 0xFF
0712    3FFF    	ADDLW 0xFF
0713    3FFF    	ADDLW 0xFF
0714    3FFF    	ADDLW 0xFF
0715    3FFF    	ADDLW 0xFF
0716    3FFF    	ADDLW 0xFF
0717    3FFF    	ADDLW 0xFF
0718    3FFF    	ADDLW 0xFF
0719    3FFF    	ADDLW 0xFF
071A    3FFF    	ADDLW 0xFF
071B    3FFF    	ADDLW 0xFF
071C    3FFF    	ADDLW 0xFF
071D    3FFF    	ADDLW 0xFF
071E    3FFF    	ADDLW 0xFF
071F    3FFF    	ADDLW 0xFF
0720    3FFF    	ADDLW 0xFF
0721    3FFF    	ADDLW 0xFF
0722    3FFF    	ADDLW 0xFF
0723    3FFF    	ADDLW 0xFF
0724    3FFF    	ADDLW 0xFF
0725    3FFF    	ADDLW 0xFF
0726    3FFF    	ADDLW 0xFF
0727    3FFF    	ADDLW 0xFF
0728    3FFF    	ADDLW 0xFF
0729    3FFF    	ADDLW 0xFF
072A    3FFF    	ADDLW 0xFF
072B    3FFF    	ADDLW 0xFF
072C    3FFF    	ADDLW 0xFF
072D    3FFF    	ADDLW 0xFF
072E    3FFF    	ADDLW 0xFF
072F    3FFF    	ADDLW 0xFF
0730    3FFF    	ADDLW 0xFF
0731    3FFF    	ADDLW 0xFF
0732    3FFF    	ADDLW 0xFF
0733    3FFF    	ADDLW 0xFF
0734    3FFF    	ADDLW 0xFF
0735    3FFF    	ADDLW 0xFF
0736    3FFF    	ADDLW 0xFF
0737    3FFF    	ADDLW 0xFF
0738    3FFF    	ADDLW 0xFF
0739    3FFF    	ADDLW 0xFF
073A    3FFF    	ADDLW 0xFF
073B    3FFF    	ADDLW 0xFF
073C    3FFF    	ADDLW 0xFF
073D    3FFF    	ADDLW 0xFF
073E    3FFF    	ADDLW 0xFF
073F    3FFF    	ADDLW 0xFF
0740    3FFF    	ADDLW 0xFF
0741    3FFF    	ADDLW 0xFF
0742    3FFF    	ADDLW 0xFF
0743    3FFF    	ADDLW 0xFF
0744    3FFF    	ADDLW 0xFF
0745    3FFF    	ADDLW 0xFF
0746    3FFF    	ADDLW 0xFF
0747    3FFF    	ADDLW 0xFF
0748    3FFF    	ADDLW 0xFF
0749    3FFF    	ADDLW 0xFF
074A    3FFF    	ADDLW 0xFF
074B    3FFF    	ADDLW 0xFF
074C    3FFF    	ADDLW 0xFF
074D    3FFF    	ADDLW 0xFF
074E    3FFF    	ADDLW 0xFF
074F    3FFF    	ADDLW 0xFF
0750    3FFF    	ADDLW 0xFF
0751    3FFF    	ADDLW 0xFF
0752    3FFF    	ADDLW 0xFF
0753    3FFF    	ADDLW 0xFF
0754    3FFF    	ADDLW 0xFF
0755    3FFF    	ADDLW 0xFF
0756    3FFF    	ADDLW 0xFF
0757    3FFF    	ADDLW 0xFF
0758    3FFF    	ADDLW 0xFF
0759    3FFF    	ADDLW 0xFF
075A    3FFF    	ADDLW 0xFF
075B    3FFF    	ADDLW 0xFF
075C    3FFF    	ADDLW 0xFF
075D    3FFF    	ADDLW 0xFF
075E    3FFF    	ADDLW 0xFF
075F    3FFF    	ADDLW 0xFF
0760    3FFF    	ADDLW 0xFF
0761    3FFF    	ADDLW 0xFF
0762    3FFF    	ADDLW 0xFF
0763    3FFF    	ADDLW 0xFF
0764    3FFF    	ADDLW 0xFF
0765    3FFF    	ADDLW 0xFF
0766    3FFF    	ADDLW 0xFF
0767    3FFF    	ADDLW 0xFF
0768    3FFF    	ADDLW 0xFF
0769    3FFF    	ADDLW 0xFF
076A    3FFF    	ADDLW 0xFF
076B    3FFF    	ADDLW 0xFF
076C    3FFF    	ADDLW 0xFF
076D    3FFF    	ADDLW 0xFF
076E    3FFF    	ADDLW 0xFF
076F    3FFF    	ADDLW 0xFF
0770    3FFF    	ADDLW 0xFF
0771    3FFF    	ADDLW 0xFF
0772    3FFF    	ADDLW 0xFF
0773    3FFF    	ADDLW 0xFF
0774    3FFF    	ADDLW 0xFF
0775    3FFF    	ADDLW 0xFF
0776    3FFF    	ADDLW 0xFF
0777    3FFF    	ADDLW 0xFF
0778    3FFF    	ADDLW 0xFF
0779    3FFF    	ADDLW 0xFF
077A    3FFF    	ADDLW 0xFF
077B    3FFF    	ADDLW 0xFF
077C    3FFF    	ADDLW 0xFF
077D    3FFF    	ADDLW 0xFF
077E    3FFF    	ADDLW 0xFF
077F    3FFF    	ADDLW 0xFF
0780    3FFF    	ADDLW 0xFF
0781    3FFF    	ADDLW 0xFF
0782    3FFF    	ADDLW 0xFF
0783    3FFF    	ADDLW 0xFF
0784    3FFF    	ADDLW 0xFF
0785    3FFF    	ADDLW 0xFF
0786    3FFF    	ADDLW 0xFF
0787    3FFF    	ADDLW 0xFF
0788    3FFF    	ADDLW 0xFF
0789    3FFF    	ADDLW 0xFF
078A    3FFF    	ADDLW 0xFF
078B    3FFF    	ADDLW 0xFF
078C    3FFF    	ADDLW 0xFF
078D    3FFF    	ADDLW 0xFF
078E    3FFF    	ADDLW 0xFF
078F    3FFF    	ADDLW 0xFF
0790    3FFF    	ADDLW 0xFF
0791    3FFF    	ADDLW 0xFF
0792    3FFF    	ADDLW 0xFF
0793    3FFF    	ADDLW 0xFF
0794    3FFF    	ADDLW 0xFF
0795    3FFF    	ADDLW 0xFF
0796    3FFF    	ADDLW 0xFF
0797    3FFF    	ADDLW 0xFF
0798    3FFF    	ADDLW 0xFF
0799    3FFF    	ADDLW 0xFF
079A    3FFF    	ADDLW 0xFF
079B    3FFF    	ADDLW 0xFF
079C    3FFF    	ADDLW 0xFF
079D    3FFF    	ADDLW 0xFF
079E    3FFF    	ADDLW 0xFF
079F    3FFF    	ADDLW 0xFF
07A0    3FFF    	ADDLW 0xFF
07A1    3FFF    	ADDLW 0xFF
07A2    3FFF    	ADDLW 0xFF
07A3    3FFF    	ADDLW 0xFF
07A4    3FFF    	ADDLW 0xFF
07A5    3FFF    	ADDLW 0xFF
07A6    3FFF    	ADDLW 0xFF
07A7    3FFF    	ADDLW 0xFF
07A8    3FFF    	ADDLW 0xFF
07A9    3FFF    	ADDLW 0xFF
07AA    3FFF    	ADDLW 0xFF
07AB    3FFF    	ADDLW 0xFF
07AC    3FFF    	ADDLW 0xFF
07AD    3FFF    	ADDLW 0xFF
07AE    3FFF    	ADDLW 0xFF
07AF    3FFF    	ADDLW 0xFF
07B0    3FFF    	ADDLW 0xFF
07B1    3FFF    	ADDLW 0xFF
07B2    3FFF    	ADDLW 0xFF
07B3    3FFF    	ADDLW 0xFF
07B4    3FFF    	ADDLW 0xFF
07B5    3FFF    	ADDLW 0xFF
07B6    3FFF    	ADDLW 0xFF
07B7    3FFF    	ADDLW 0xFF
07B8    3FFF    	ADDLW 0xFF
07B9    3FFF    	ADDLW 0xFF
07BA    3FFF    	ADDLW 0xFF
07BB    3FFF    	ADDLW 0xFF
07BC    3FFF    	ADDLW 0xFF
07BD    3FFF    	ADDLW 0xFF
07BE    3FFF    	ADDLW 0xFF
07BF    3FFF    	ADDLW 0xFF
07C0    3FFF    	ADDLW 0xFF
07C1    3FFF    	ADDLW 0xFF
07C2    3FFF    	ADDLW 0xFF
07C3    3FFF    	ADDLW 0xFF
07C4    3FFF    	ADDLW 0xFF
07C5    3FFF    	ADDLW 0xFF
07C6    3FFF    	ADDLW 0xFF
07C7    3FFF    	ADDLW 0xFF
07C8    3FFF    	ADDLW 0xFF
07C9    3FFF    	ADDLW 0xFF
07CA    3FFF    	ADDLW 0xFF
07CB    3FFF    	ADDLW 0xFF
07CC    3FFF    	ADDLW 0xFF
07CD    3FFF    	ADDLW 0xFF
07CE    3FFF    	ADDLW 0xFF
07CF    3FFF    	ADDLW 0xFF
07D0    3FFF    	ADDLW 0xFF
07D1    3FFF    	ADDLW 0xFF
07D2    3FFF    	ADDLW 0xFF
07D3    3FFF    	ADDLW 0xFF
07D4    3FFF    	ADDLW 0xFF
07D5    3FFF    	ADDLW 0xFF
07D6    3FFF    	ADDLW 0xFF
07D7    3FFF    	ADDLW 0xFF
07D8    3FFF    	ADDLW 0xFF
07D9    3FFF    	ADDLW 0xFF
07DA    3FFF    	ADDLW 0xFF
07DB    3FFF    	ADDLW 0xFF
07DC    3FFF    	ADDLW 0xFF
07DD    3FFF    	ADDLW 0xFF
07DE    3FFF    	ADDLW 0xFF
07DF    3FFF    	ADDLW 0xFF
07E0    3FFF    	ADDLW 0xFF
07E1    3FFF    	ADDLW 0xFF
07E2    3FFF    	ADDLW 0xFF
07E3    3FFF    	ADDLW 0xFF
07E4    3FFF    	ADDLW 0xFF
07E5    3FFF    	ADDLW 0xFF
07E6    3FFF    	ADDLW 0xFF
07E7    3FFF    	ADDLW 0xFF
07E8    3FFF    	ADDLW 0xFF
07E9    3FFF    	ADDLW 0xFF
07EA    3FFF    	ADDLW 0xFF
07EB    3FFF    	ADDLW 0xFF
07EC    3FFF    	ADDLW 0xFF
07ED    3FFF    	ADDLW 0xFF
07EE    3FFF    	ADDLW 0xFF
07EF    3FFF    	ADDLW 0xFF
07F0    3FFF    	ADDLW 0xFF
07F1    3FFF    	ADDLW 0xFF
07F2    3FFF    	ADDLW 0xFF
07F3    3FFF    	ADDLW 0xFF
07F4    3FFF    	ADDLW 0xFF
07F5    3FFF    	ADDLW 0xFF
07F6    3FFF    	ADDLW 0xFF
07F7    3FFF    	ADDLW 0xFF
07F8    3FFF    	ADDLW 0xFF
07F9    3FFF    	ADDLW 0xFF
07FA    3FFF    	ADDLW 0xFF
07FB    3FFF    	ADDLW 0xFF
07FC    3FFF    	ADDLW 0xFF
07FD    3FFF    	ADDLW 0xFF
07FE    3FFF    	ADDLW 0xFF
07FF    3FFF    	ADDLW 0xFF
